CUDA available: True
GPU: NVIDIA H100 NVL
Train size: 75750
Test size:  25250
Classes:    101
AlexNet(
  (features): Sequential(
    (0): Conv2d(3, 96, kernel_size=(11, 11), stride=(4, 4))
    (1): ReLU(inplace=True)
    (2): LocalResponseNorm(5, alpha=0.0001, beta=0.75, k=2)
    (3): MaxPool2d(kernel_size=3, stride=2, padding=0, dilation=1, ceil_mode=False)
    (4): Conv2d(96, 256, kernel_size=(5, 5), stride=(1, 1), padding=(2, 2))
    (5): ReLU(inplace=True)
    (6): LocalResponseNorm(5, alpha=0.0001, beta=0.75, k=2)
    (7): MaxPool2d(kernel_size=3, stride=2, padding=0, dilation=1, ceil_mode=False)
    (8): Conv2d(256, 384, kernel_size=(3, 3), stride=(1, 1), padding=(1, 1))
    (9): ReLU(inplace=True)
    (10): Conv2d(384, 384, kernel_size=(3, 3), stride=(1, 1), padding=(1, 1))
    (11): ReLU(inplace=True)
    (12): Conv2d(384, 256, kernel_size=(3, 3), stride=(1, 1), padding=(1, 1))
    (13): ReLU(inplace=True)
    (14): MaxPool2d(kernel_size=3, stride=2, padding=0, dilation=1, ceil_mode=False)
  )
  (classifier): Sequential(
    (0): Dropout(p=0.5, inplace=False)
    (1): Linear(in_features=9216, out_features=4096, bias=True)
    (2): ReLU(inplace=True)
    (3): Dropout(p=0.5, inplace=False)
    (4): Linear(in_features=4096, out_features=4096, bias=True)
    (5): ReLU(inplace=True)
    (6): Linear(in_features=4096, out_features=101, bias=True)
  )
)
Epoch 1 | Loss: 4.6100 | Val Accuracy: 0.0175
New best model saved (1.75%)
Epoch 2 | Loss: 4.5085 | Val Accuracy: 0.0306
New best model saved (3.06%)
Epoch 3 | Loss: 4.3707 | Val Accuracy: 0.0682
New best model saved (6.82%)
Epoch 4 | Loss: 4.0714 | Val Accuracy: 0.1189
New best model saved (11.89%)
Epoch 5 | Loss: 3.7979 | Val Accuracy: 0.1505
New best model saved (15.05%)
Epoch 6 | Loss: 3.5519 | Val Accuracy: 0.2249
New best model saved (22.49%)
Epoch 7 | Loss: 3.3376 | Val Accuracy: 0.2428
New best model saved (24.28%)
Epoch 8 | Loss: 3.1439 | Val Accuracy: 0.2994
New best model saved (29.94%)
Epoch 9 | Loss: 2.9769 | Val Accuracy: 0.3177
New best model saved (31.77%)
Epoch 10 | Loss: 2.8263 | Val Accuracy: 0.3610
New best model saved (36.10%)
Epoch 11 | Loss: 2.3584 | Val Accuracy: 0.4429
New best model saved (44.29%)
Epoch 12 | Loss: 2.2493 | Val Accuracy: 0.4591
New best model saved (45.91%)
Epoch 13 | Loss: 2.1853 | Val Accuracy: 0.4711
New best model saved (47.11%)
Epoch 14 | Loss: 2.1355 | Val Accuracy: 0.4724
New best model saved (47.24%)
Epoch 15 | Loss: 2.0895 | Val Accuracy: 0.4800
New best model saved (48.00%)
Epoch 16 | Loss: 2.0493 | Val Accuracy: 0.4836
New best model saved (48.36%)
Epoch 17 | Loss: 2.0084 | Val Accuracy: 0.4938
New best model saved (49.38%)
Epoch 18 | Loss: 1.9672 | Val Accuracy: 0.5009
New best model saved (50.09%)
Epoch 19 | Loss: 1.9368 | Val Accuracy: 0.5030
New best model saved (50.30%)
Epoch 20 | Loss: 1.8985 | Val Accuracy: 0.5139
New best model saved (51.39%)
Epoch 21 | Loss: 1.7852 | Val Accuracy: 0.5242
New best model saved (52.42%)
Epoch 22 | Loss: 1.7673 | Val Accuracy: 0.5250
New best model saved (52.50%)
Epoch 23 | Loss: 1.7587 | Val Accuracy: 0.5269
New best model saved (52.69%)
Epoch 24 | Loss: 1.7511 | Val Accuracy: 0.5272
New best model saved (52.72%)
Epoch 25 | Loss: 1.7423 | Val Accuracy: 0.5281
New best model saved (52.81%)
Epoch 26 | Loss: 1.7358 | Val Accuracy: 0.5299
New best model saved (52.99%)
Epoch 27 | Loss: 1.7320 | Val Accuracy: 0.5291
No improvement (1/5)
Epoch 28 | Loss: 1.7214 | Val Accuracy: 0.5310
New best model saved (53.10%)
Epoch 29 | Loss: 1.7167 | Val Accuracy: 0.5317
New best model saved (53.17%)
Epoch 30 | Loss: 1.7129 | Val Accuracy: 0.5305
No improvement (1/5)
Epoch 31 | Loss: 1.6940 | Val Accuracy: 0.5326
New best model saved (53.26%)
Epoch 32 | Loss: 1.6935 | Val Accuracy: 0.5327
New best model saved (53.27%)
Epoch 33 | Loss: 1.6967 | Val Accuracy: 0.5333
New best model saved (53.33%)
Epoch 34 | Loss: 1.6939 | Val Accuracy: 0.5330
No improvement (1/5)
