CUDA available: True
GPU: NVIDIA H100 NVL
Train size: 75750
Test size:  25250
Classes:    101
ResNet(
  (conv1): Conv2d(3, 64, kernel_size=(7, 7), stride=(2, 2), padding=(3, 3), bias=False)
  (bn1): BatchNorm2d(64, eps=1e-05, momentum=0.1, affine=True, bias=True, track_running_stats=True)
  (relu): ReLU(inplace=True)
  (maxpool): MaxPool2d(kernel_size=3, stride=2, padding=1, dilation=1, ceil_mode=False)
  (layer1): Sequential(
    (0): BasicBlock(
      (conv1): Conv2d(64, 64, kernel_size=(3, 3), stride=(1, 1), padding=(1, 1), bias=False)
      (bn1): BatchNorm2d(64, eps=1e-05, momentum=0.1, affine=True, bias=True, track_running_stats=True)
      (relu): ReLU(inplace=True)
      (conv2): Conv2d(64, 64, kernel_size=(3, 3), stride=(1, 1), padding=(1, 1), bias=False)
      (bn2): BatchNorm2d(64, eps=1e-05, momentum=0.1, affine=True, bias=True, track_running_stats=True)
    )
    (1): BasicBlock(
      (conv1): Conv2d(64, 64, kernel_size=(3, 3), stride=(1, 1), padding=(1, 1), bias=False)
      (bn1): BatchNorm2d(64, eps=1e-05, momentum=0.1, affine=True, bias=True, track_running_stats=True)
      (relu): ReLU(inplace=True)
      (conv2): Conv2d(64, 64, kernel_size=(3, 3), stride=(1, 1), padding=(1, 1), bias=False)
      (bn2): BatchNorm2d(64, eps=1e-05, momentum=0.1, affine=True, bias=True, track_running_stats=True)
    )
    (2): BasicBlock(
      (conv1): Conv2d(64, 64, kernel_size=(3, 3), stride=(1, 1), padding=(1, 1), bias=False)
      (bn1): BatchNorm2d(64, eps=1e-05, momentum=0.1, affine=True, bias=True, track_running_stats=True)
      (relu): ReLU(inplace=True)
      (conv2): Conv2d(64, 64, kernel_size=(3, 3), stride=(1, 1), padding=(1, 1), bias=False)
      (bn2): BatchNorm2d(64, eps=1e-05, momentum=0.1, affine=True, bias=True, track_running_stats=True)
    )
  )
  (layer2): Sequential(
    (0): BasicBlock(
      (conv1): Conv2d(64, 128, kernel_size=(3, 3), stride=(2, 2), padding=(1, 1), bias=False)
      (bn1): BatchNorm2d(128, eps=1e-05, momentum=0.1, affine=True, bias=True, track_running_stats=True)
      (relu): ReLU(inplace=True)
      (conv2): Conv2d(128, 128, kernel_size=(3, 3), stride=(1, 1), padding=(1, 1), bias=False)
      (bn2): BatchNorm2d(128, eps=1e-05, momentum=0.1, affine=True, bias=True, track_running_stats=True)
      (downsample): Sequential(
        (0): Conv2d(64, 128, kernel_size=(1, 1), stride=(2, 2), bias=False)
        (1): BatchNorm2d(128, eps=1e-05, momentum=0.1, affine=True, bias=True, track_running_stats=True)
      )
    )
    (1): BasicBlock(
      (conv1): Conv2d(128, 128, kernel_size=(3, 3), stride=(1, 1), padding=(1, 1), bias=False)
      (bn1): BatchNorm2d(128, eps=1e-05, momentum=0.1, affine=True, bias=True, track_running_stats=True)
      (relu): ReLU(inplace=True)
      (conv2): Conv2d(128, 128, kernel_size=(3, 3), stride=(1, 1), padding=(1, 1), bias=False)
      (bn2): BatchNorm2d(128, eps=1e-05, momentum=0.1, affine=True, bias=True, track_running_stats=True)
    )
    (2): BasicBlock(
      (conv1): Conv2d(128, 128, kernel_size=(3, 3), stride=(1, 1), padding=(1, 1), bias=False)
      (bn1): BatchNorm2d(128, eps=1e-05, momentum=0.1, affine=True, bias=True, track_running_stats=True)
      (relu): ReLU(inplace=True)
      (conv2): Conv2d(128, 128, kernel_size=(3, 3), stride=(1, 1), padding=(1, 1), bias=False)
      (bn2): BatchNorm2d(128, eps=1e-05, momentum=0.1, affine=True, bias=True, track_running_stats=True)
    )
    (3): BasicBlock(
      (conv1): Conv2d(128, 128, kernel_size=(3, 3), stride=(1, 1), padding=(1, 1), bias=False)
      (bn1): BatchNorm2d(128, eps=1e-05, momentum=0.1, affine=True, bias=True, track_running_stats=True)
      (relu): ReLU(inplace=True)
      (conv2): Conv2d(128, 128, kernel_size=(3, 3), stride=(1, 1), padding=(1, 1), bias=False)
      (bn2): BatchNorm2d(128, eps=1e-05, momentum=0.1, affine=True, bias=True, track_running_stats=True)
    )
  )
  (layer3): Sequential(
    (0): BasicBlock(
      (conv1): Conv2d(128, 256, kernel_size=(3, 3), stride=(2, 2), padding=(1, 1), bias=False)
      (bn1): BatchNorm2d(256, eps=1e-05, momentum=0.1, affine=True, bias=True, track_running_stats=True)
      (relu): ReLU(inplace=True)
      (conv2): Conv2d(256, 256, kernel_size=(3, 3), stride=(1, 1), padding=(1, 1), bias=False)
      (bn2): BatchNorm2d(256, eps=1e-05, momentum=0.1, affine=True, bias=True, track_running_stats=True)
      (downsample): Sequential(
        (0): Conv2d(128, 256, kernel_size=(1, 1), stride=(2, 2), bias=False)
        (1): BatchNorm2d(256, eps=1e-05, momentum=0.1, affine=True, bias=True, track_running_stats=True)
      )
    )
    (1): BasicBlock(
      (conv1): Conv2d(256, 256, kernel_size=(3, 3), stride=(1, 1), padding=(1, 1), bias=False)
      (bn1): BatchNorm2d(256, eps=1e-05, momentum=0.1, affine=True, bias=True, track_running_stats=True)
      (relu): ReLU(inplace=True)
      (conv2): Conv2d(256, 256, kernel_size=(3, 3), stride=(1, 1), padding=(1, 1), bias=False)
      (bn2): BatchNorm2d(256, eps=1e-05, momentum=0.1, affine=True, bias=True, track_running_stats=True)
    )
    (2): BasicBlock(
      (conv1): Conv2d(256, 256, kernel_size=(3, 3), stride=(1, 1), padding=(1, 1), bias=False)
      (bn1): BatchNorm2d(256, eps=1e-05, momentum=0.1, affine=True, bias=True, track_running_stats=True)
      (relu): ReLU(inplace=True)
      (conv2): Conv2d(256, 256, kernel_size=(3, 3), stride=(1, 1), padding=(1, 1), bias=False)
      (bn2): BatchNorm2d(256, eps=1e-05, momentum=0.1, affine=True, bias=True, track_running_stats=True)
    )
    (3): BasicBlock(
      (conv1): Conv2d(256, 256, kernel_size=(3, 3), stride=(1, 1), padding=(1, 1), bias=False)
      (bn1): BatchNorm2d(256, eps=1e-05, momentum=0.1, affine=True, bias=True, track_running_stats=True)
      (relu): ReLU(inplace=True)
      (conv2): Conv2d(256, 256, kernel_size=(3, 3), stride=(1, 1), padding=(1, 1), bias=False)
      (bn2): BatchNorm2d(256, eps=1e-05, momentum=0.1, affine=True, bias=True, track_running_stats=True)
    )
    (4): BasicBlock(
      (conv1): Conv2d(256, 256, kernel_size=(3, 3), stride=(1, 1), padding=(1, 1), bias=False)
      (bn1): BatchNorm2d(256, eps=1e-05, momentum=0.1, affine=True, bias=True, track_running_stats=True)
      (relu): ReLU(inplace=True)
      (conv2): Conv2d(256, 256, kernel_size=(3, 3), stride=(1, 1), padding=(1, 1), bias=False)
      (bn2): BatchNorm2d(256, eps=1e-05, momentum=0.1, affine=True, bias=True, track_running_stats=True)
    )
    (5): BasicBlock(
      (conv1): Conv2d(256, 256, kernel_size=(3, 3), stride=(1, 1), padding=(1, 1), bias=False)
      (bn1): BatchNorm2d(256, eps=1e-05, momentum=0.1, affine=True, bias=True, track_running_stats=True)
      (relu): ReLU(inplace=True)
      (conv2): Conv2d(256, 256, kernel_size=(3, 3), stride=(1, 1), padding=(1, 1), bias=False)
      (bn2): BatchNorm2d(256, eps=1e-05, momentum=0.1, affine=True, bias=True, track_running_stats=True)
    )
  )
  (layer4): Sequential(
    (0): BasicBlock(
      (conv1): Conv2d(256, 512, kernel_size=(3, 3), stride=(2, 2), padding=(1, 1), bias=False)
      (bn1): BatchNorm2d(512, eps=1e-05, momentum=0.1, affine=True, bias=True, track_running_stats=True)
      (relu): ReLU(inplace=True)
      (conv2): Conv2d(512, 512, kernel_size=(3, 3), stride=(1, 1), padding=(1, 1), bias=False)
      (bn2): BatchNorm2d(512, eps=1e-05, momentum=0.1, affine=True, bias=True, track_running_stats=True)
      (downsample): Sequential(
        (0): Conv2d(256, 512, kernel_size=(1, 1), stride=(2, 2), bias=False)
        (1): BatchNorm2d(512, eps=1e-05, momentum=0.1, affine=True, bias=True, track_running_stats=True)
      )
    )
    (1): BasicBlock(
      (conv1): Conv2d(512, 512, kernel_size=(3, 3), stride=(1, 1), padding=(1, 1), bias=False)
      (bn1): BatchNorm2d(512, eps=1e-05, momentum=0.1, affine=True, bias=True, track_running_stats=True)
      (relu): ReLU(inplace=True)
      (conv2): Conv2d(512, 512, kernel_size=(3, 3), stride=(1, 1), padding=(1, 1), bias=False)
      (bn2): BatchNorm2d(512, eps=1e-05, momentum=0.1, affine=True, bias=True, track_running_stats=True)
    )
    (2): BasicBlock(
      (conv1): Conv2d(512, 512, kernel_size=(3, 3), stride=(1, 1), padding=(1, 1), bias=False)
      (bn1): BatchNorm2d(512, eps=1e-05, momentum=0.1, affine=True, bias=True, track_running_stats=True)
      (relu): ReLU(inplace=True)
      (conv2): Conv2d(512, 512, kernel_size=(3, 3), stride=(1, 1), padding=(1, 1), bias=False)
      (bn2): BatchNorm2d(512, eps=1e-05, momentum=0.1, affine=True, bias=True, track_running_stats=True)
    )
  )
  (avgpool): AdaptiveAvgPool2d(output_size=(1, 1))
  (fc): Linear(in_features=512, out_features=101, bias=True)
)
Epoch 1 | Loss: 4.1719 | Val Accuracy: 0.1253
New best model saved (12.53%)
Epoch 2 | Loss: 3.5760 | Val Accuracy: 0.1913
New best model saved (19.13%)
Epoch 3 | Loss: 3.1177 | Val Accuracy: 0.2697
New best model saved (26.97%)
Epoch 4 | Loss: 2.7361 | Val Accuracy: 0.3610
New best model saved (36.10%)
Epoch 5 | Loss: 2.4402 | Val Accuracy: 0.3712
New best model saved (37.12%)
Epoch 6 | Loss: 2.2113 | Val Accuracy: 0.4248
New best model saved (42.48%)
Epoch 7 | Loss: 2.0278 | Val Accuracy: 0.4832
New best model saved (48.32%)
Epoch 8 | Loss: 1.8790 | Val Accuracy: 0.5099
New best model saved (50.99%)
Epoch 9 | Loss: 1.7574 | Val Accuracy: 0.5570
New best model saved (55.70%)
Epoch 10 | Loss: 1.6462 | Val Accuracy: 0.5399
No improvement (1/5)
Epoch 11 | Loss: 1.2311 | Val Accuracy: 0.6781
New best model saved (67.81%)
Epoch 12 | Loss: 1.1363 | Val Accuracy: 0.6879
New best model saved (68.79%)
Epoch 13 | Loss: 1.0895 | Val Accuracy: 0.6920
New best model saved (69.20%)
Epoch 14 | Loss: 1.0528 | Val Accuracy: 0.6923
New best model saved (69.23%)
Epoch 15 | Loss: 1.0184 | Val Accuracy: 0.6954
New best model saved (69.54%)
Epoch 16 | Loss: 0.9863 | Val Accuracy: 0.6990
New best model saved (69.90%)
Epoch 17 | Loss: 0.9560 | Val Accuracy: 0.7017
New best model saved (70.17%)
Epoch 18 | Loss: 0.9256 | Val Accuracy: 0.7019
New best model saved (70.19%)
Epoch 19 | Loss: 0.9017 | Val Accuracy: 0.7046
New best model saved (70.46%)
Epoch 20 | Loss: 0.8725 | Val Accuracy: 0.7071
New best model saved (70.71%)
Epoch 21 | Loss: 0.7870 | Val Accuracy: 0.7140
New best model saved (71.40%)
Epoch 22 | Loss: 0.7699 | Val Accuracy: 0.7171
New best model saved (71.71%)
Epoch 23 | Loss: 0.7586 | Val Accuracy: 0.7157
No improvement (1/5)
Epoch 24 | Loss: 0.7535 | Val Accuracy: 0.7165
No improvement (2/5)
Epoch 25 | Loss: 0.7486 | Val Accuracy: 0.7169
No improvement (3/5)
Epoch 26 | Loss: 0.7453 | Val Accuracy: 0.7172
New best model saved (71.72%)
Epoch 27 | Loss: 0.7390 | Val Accuracy: 0.7170
No improvement (1/5)
Epoch 28 | Loss: 0.7347 | Val Accuracy: 0.7168
No improvement (2/5)
Epoch 29 | Loss: 0.7312 | Val Accuracy: 0.7169
No improvement (3/5)
Epoch 30 | Loss: 0.7251 | Val Accuracy: 0.7183
New best model saved (71.83%)
Epoch 31 | Loss: 0.7158 | Val Accuracy: 0.7174
No improvement (1/5)
Epoch 32 | Loss: 0.7156 | Val Accuracy: 0.7183
No improvement (2/5)
Epoch 33 | Loss: 0.7117 | Val Accuracy: 0.7185
New best model saved (71.85%)
Epoch 34 | Loss: 0.7097 | Val Accuracy: 0.7182
No improvement (1/5)
Epoch 35 | Loss: 0.7107 | Val Accuracy: 0.7169
No improvement (2/5)
Epoch 36 | Loss: 0.7086 | Val Accuracy: 0.7186
New best model saved (71.86%)
Epoch 37 | Loss: 0.7112 | Val Accuracy: 0.7185
No improvement (1/5)
Epoch 38 | Loss: 0.7094 | Val Accuracy: 0.7173
No improvement (2/5)
Epoch 39 | Loss: 0.7114 | Val Accuracy: 0.7180
No improvement (3/5)
Epoch 40 | Loss: 0.7097 | Val Accuracy: 0.7170
No improvement (4/5)
Epoch 41 | Loss: 0.7094 | Val Accuracy: 0.7179
No improvement (5/5)
Early stopping triggered at epoch 41

Training complete. Best Val Accuracy: 71.86%

Top-1 Accuracy: 71.86%
                         precision    recall  f1-score   support

              apple_pie       0.47      0.41      0.44       250
         baby_back_ribs       0.78      0.72      0.75       250
                baklava       0.73      0.77      0.75       250
         beef_carpaccio       0.80      0.84      0.82       250
           beef_tartare       0.73      0.72      0.72       250
             beet_salad       0.68      0.63      0.65       250
               beignets       0.83      0.83      0.83       250
               bibimbap       0.84      0.85      0.85       250
          bread_pudding       0.52      0.54      0.53       250
      breakfast_burrito       0.49      0.45      0.47       250
             bruschetta       0.63      0.62      0.62       250
           caesar_salad       0.71      0.80      0.75       250
                cannoli       0.70      0.72      0.71       250
          caprese_salad       0.67      0.72      0.69       250
            carrot_cake       0.64      0.73      0.68       250
                ceviche       0.55      0.56      0.56       250
           cheese_plate       0.68      0.70      0.69       250
             cheesecake       0.67      0.60      0.63       250
          chicken_curry       0.67      0.67      0.67       250
     chicken_quesadilla       0.66      0.68      0.67       250
          chicken_wings       0.74      0.79      0.76       250
         chocolate_cake       0.69      0.64      0.67       250
       chocolate_mousse       0.48      0.58      0.53       250
                churros       0.76      0.75      0.76       250
           clam_chowder       0.81      0.82      0.82       250
          club_sandwich       0.78      0.79      0.78       250
             crab_cakes       0.61      0.64      0.62       250
           creme_brulee       0.85      0.84      0.84       250
          croque_madame       0.82      0.83      0.82       250
              cup_cakes       0.73      0.73      0.73       250
           deviled_eggs       0.86      0.86      0.86       250
                 donuts       0.68      0.68      0.68       250
              dumplings       0.83      0.87      0.85       250
                edamame       0.98      0.98      0.98       250
          eggs_benedict       0.82      0.82      0.82       250
              escargots       0.79      0.80      0.80       250
                falafel       0.65      0.67      0.66       250
           filet_mignon       0.57      0.56      0.57       250
         fish_and_chips       0.74      0.76      0.75       250
              foie_gras       0.51      0.48      0.50       250
           french_fries       0.78      0.84      0.81       250
      french_onion_soup       0.75      0.82      0.78       250
           french_toast       0.66      0.70      0.68       250
         fried_calamari       0.72      0.72      0.72       250
             fried_rice       0.77      0.73      0.75       250
          frozen_yogurt       0.78      0.81      0.80       250
           garlic_bread       0.75      0.63      0.69       250
                gnocchi       0.68      0.67      0.67       250
            greek_salad       0.73      0.74      0.74       250
grilled_cheese_sandwich       0.63      0.67      0.65       250
         grilled_salmon       0.55      0.53      0.54       250
              guacamole       0.84      0.85      0.85       250
                  gyoza       0.75      0.75      0.75       250
              hamburger       0.75      0.61      0.67       250
      hot_and_sour_soup       0.86      0.89      0.88       250
                hot_dog       0.71      0.74      0.72       250
       huevos_rancheros       0.52      0.53      0.53       250
                 hummus       0.66      0.60      0.63       250
              ice_cream       0.56      0.58      0.57       250
                lasagna       0.67      0.62      0.65       250
         lobster_bisque       0.84      0.82      0.83       250
  lobster_roll_sandwich       0.82      0.80      0.81       250
    macaroni_and_cheese       0.73      0.73      0.73       250
               macarons       0.85      0.88      0.87       250
              miso_soup       0.92      0.87      0.89       250
                mussels       0.85      0.82      0.83       250
                 nachos       0.65      0.66      0.65       250
               omelette       0.56      0.56      0.56       250
            onion_rings       0.82      0.80      0.81       250
                oysters       0.84      0.87      0.85       250
               pad_thai       0.78      0.84      0.81       250
                 paella       0.72      0.70      0.71       250
               pancakes       0.80      0.81      0.80       250
            panna_cotta       0.65      0.61      0.63       250
            peking_duck       0.76      0.74      0.75       250
                    pho       0.87      0.90      0.88       250
                  pizza       0.78      0.82      0.80       250
              pork_chop       0.57      0.44      0.50       250
                poutine       0.79      0.81      0.80       250
              prime_rib       0.77      0.82      0.79       250
   pulled_pork_sandwich       0.68      0.70      0.69       250
                  ramen       0.72      0.76      0.74       250
                ravioli       0.62      0.55      0.58       250
        red_velvet_cake       0.85      0.82      0.84       250
                risotto       0.57      0.57      0.57       250
                 samosa       0.69      0.61      0.65       250
                sashimi       0.86      0.80      0.83       250
               scallops       0.67      0.59      0.62       250
          seaweed_salad       0.88      0.85      0.86       250
       shrimp_and_grits       0.60      0.64      0.62       250
    spaghetti_bolognese       0.87      0.86      0.87       250
    spaghetti_carbonara       0.87      0.88      0.88       250
           spring_rolls       0.78      0.64      0.71       250
                  steak       0.48      0.49      0.49       250
   strawberry_shortcake       0.75      0.78      0.76       250
                  sushi       0.75      0.72      0.73       250
                  tacos       0.57      0.64      0.60       250
               takoyaki       0.80      0.81      0.81       250
               tiramisu       0.64      0.70      0.67       250
           tuna_tartare       0.62      0.59      0.60       250
                waffles       0.68      0.79      0.73       250

               accuracy                           0.72     25250
              macro avg       0.72      0.72      0.72     25250
           weighted avg       0.72      0.72      0.72     25250

Model saved!
